MetaIndex[meta]: 873 video, 3324 tu, do dai trung binh 279
MetaIndex[meta_fold]: 873 video, 2045 tu, do dai trung binh 279
MetaIndex[asr]: 859 video, 10179 tu, do dai trung binh 1520
MetaIndex[ocr]: 873 video, 78320 tu, do dai trung binh 4597
2026-10-01 10:44:03 | INFO     | httpx | HTTP Request: GET https://huggingface.co/api/agent-harnesses "HTTP/1.1 200 OK"
2026-10-01 10:44:03 | INFO     | httpx | HTTP Request: HEAD https://huggingface.co/google/siglip-so400m-patch14-384/resolve/main/config.json "HTTP/1.1 307 Temporary Redirect"
2026-10-01 10:44:03 | INFO     | httpx | HTTP Request: HEAD https://huggingface.co/api/resolve-cache/models/google/siglip-so400m-patch14-384/9fdffc58afc957d1a03a25b10dba0329ab15c2a3/config.json "HTTP/1.1 200 OK"
[transformers] Model config: bos_token_id must be `None` or an integer within the vocabulary (between 0 and 31999), got 49406. This may result in unexpected behavior.
[transformers] Model config: eos_token_id must be `None` or an integer within the vocabulary (between 0 and 31999), got 49407. This may result in unexpected behavior.
2026-10-01 10:44:04 | INFO     | httpx | HTTP Request: HEAD https://huggingface.co/google/siglip-so400m-patch14-384/resolve/main/tokenizer_config.json "HTTP/1.1 307 Temporary Redirect"
2026-10-01 10:44:04 | INFO     | httpx | HTTP Request: HEAD https://huggingface.co/api/resolve-cache/models/google/siglip-so400m-patch14-384/9fdffc58afc957d1a03a25b10dba0329ab15c2a3/tokenizer_config.json "HTTP/1.1 200 OK"
2026-10-01 10:44:04 | INFO     | httpx | HTTP Request: GET https://huggingface.co/api/models/google/siglip-so400m-patch14-384/tree/main/additional_chat_templates?recursive=false&expand=false "HTTP/1.1 404 Not Found"
2026-10-01 10:44:04 | INFO     | httpx | HTTP Request: GET https://huggingface.co/api/models/google/siglip-so400m-patch14-384/tree/main?recursive=true&expand=false "HTTP/1.1 200 OK"
2026-10-01 10:44:04 | INFO     | httpx | HTTP Request: HEAD https://huggingface.co/google/siglip-so400m-patch14-384/resolve/main/config.json "HTTP/1.1 307 Temporary Redirect"
2026-10-01 10:44:04 | INFO     | httpx | HTTP Request: HEAD https://huggingface.co/api/resolve-cache/models/google/siglip-so400m-patch14-384/9fdffc58afc957d1a03a25b10dba0329ab15c2a3/config.json "HTTP/1.1 200 OK"
2026-10-01 10:44:05 | INFO     | httpx | HTTP Request: HEAD https://huggingface.co/google/siglip-so400m-patch14-384/resolve/main/model.safetensors "HTTP/1.1 302 Found"
Loading weights:   0%|          | 0/438 [00:00<?, ?it/s]Loading weights: 100%|██████████| 438/438 [00:00<00:00, 7546.50it/s]
[transformers] [1mSiglipTextModel LOAD REPORT[0m from: google/siglip-so400m-patch14-384
Key                                                            | Status     |  | 
---------------------------------------------------------------+------------+--+-
vision_model.encoder.layers.{0...26}.mlp.fc2.bias              | UNEXPECTED |  | 
vision_model.encoder.layers.{0...26}.layer_norm2.bias          | UNEXPECTED |  | 
vision_model.encoder.layers.{0...26}.self_attn.k_proj.bias     | UNEXPECTED |  | 
vision_model.encoder.layers.{0...26}.self_attn.k_proj.weight   | UNEXPECTED |  | 
vision_model.encoder.layers.{0...26}.self_attn.v_proj.weight   | UNEXPECTED |  | 
vision_model.encoder.layers.{0...26}.mlp.fc2.weight            | UNEXPECTED |  | 
vision_model.encoder.layers.{0...26}.self_attn.q_proj.bias     | UNEXPECTED |  | 
vision_model.encoder.layers.{0...26}.mlp.fc1.weight            | UNEXPECTED |  | 
vision_model.encoder.layers.{0...26}.mlp.fc1.bias              | UNEXPECTED |  | 
vision_model.encoder.layers.{0...26}.layer_norm1.weight        | UNEXPECTED |  | 
vision_model.encoder.layers.{0...26}.layer_norm1.bias          | UNEXPECTED |  | 
vision_model.encoder.layers.{0...26}.layer_norm2.weight        | UNEXPECTED |  | 
vision_model.encoder.layers.{0...26}.self_attn.v_proj.bias     | UNEXPECTED |  | 
vision_model.encoder.layers.{0...26}.self_attn.q_proj.weight   | UNEXPECTED |  | 
vision_model.head.attention.in_proj_bias                       | UNEXPECTED |  | 
vision_model.encoder.layers.{0...26}.self_attn.out_proj.weight | UNEXPECTED |  | 
vision_model.encoder.layers.{0...26}.self_attn.out_proj.bias   | UNEXPECTED |  | 
vision_model.head.mlp.fc2.weight                               | UNEXPECTED |  | 
vision_model.post_layernorm.weight                             | UNEXPECTED |  | 
vision_model.head.mlp.fc1.weight                               | UNEXPECTED |  | 
vision_model.embeddings.position_embedding.weight              | UNEXPECTED |  | 
vision_model.head.attention.out_proj.weight                    | UNEXPECTED |  | 
vision_model.embeddings.patch_embedding.weight                 | UNEXPECTED |  | 
vision_model.head.mlp.fc1.bias                                 | UNEXPECTED |  | 
vision_model.head.mlp.fc2.bias                                 | UNEXPECTED |  | 
logit_scale                                                    | UNEXPECTED |  | 
logit_bias                                                     | UNEXPECTED |  | 
vision_model.head.layernorm.bias                               | UNEXPECTED |  | 
vision_model.head.attention.out_proj.bias                      | UNEXPECTED |  | 
vision_model.head.probe                                        | UNEXPECTED |  | 
vision_model.head.attention.in_proj_weight                     | UNEXPECTED |  | 
vision_model.post_layernorm.bias                               | UNEXPECTED |  | 
vision_model.embeddings.patch_embedding.bias                   | UNEXPECTED |  | 
vision_model.head.layernorm.weight                             | UNEXPECTED |  | 

Notes:
- UNEXPECTED:	can be ignored when loading from different task/architecture; not ok if you expect identical arch.
2026-10-01 10:44:09 | INFO     | app | SigLIP san sang: 1152 chieu tren mps
2026-10-01 10:44:09 | INFO     | app | Index object: 545 lop, 2054901 detection (data/artifacts/object_index.npz)
2026-10-01 10:44:09 | INFO     | app | Fusion engine initialized successfully.
INFO:     Started server process [12625]
INFO:     Waiting for application startup.
INFO:     Application startup complete.
INFO:     Uvicorn running on http://0.0.0.0:8080 (Press CTRL+C to quit)
